// Jest Snapshot v1, https://goo.gl/fbAQLP

exports[`renders correctly 1`] = `
<RNCSafeAreaProvider
  onInsetsChange={[Function]}
  style={
    [
      {
        "flex": 1,
      },
      undefined,
    ]
  }
>
  <RNSScreenStack
    style={
      {
        "flex": 1,
      }
    }
  >
    <RNSScreen
      collapsable={false}
      gestureResponseDistance={
        {
          "bottom": -1,
          "end": -1,
          "start": -1,
          "top": -1,
        }
      }
      hasLargeHeader={false}
      nativeBackButtonDismissalEnabled={false}
      onAppear={[Function]}
      onDisappear={[Function]}
      onDismissed={[Function]}
      onGestureCancel={[Function]}
      onHeaderBackButtonClicked={[Function]}
      onNativeDismissCancelled={[Function]}
      onTransitionProgress={[Function]}
      onWillAppear={[Function]}
      onWillDisappear={[Function]}
      replaceAnimation="push"
      sheetAllowedDetents="large"
      sheetCornerRadius={-1}
      sheetExpandsWhenScrolledToEdge={true}
      sheetGrabberVisible={false}
      sheetLargestUndimmedDetent="all"
      stackPresentation="push"
      style={
        {
          "bottom": 0,
          "left": 0,
          "position": "absolute",
          "right": 0,
          "top": 0,
        }
      }
      swipeDirection="horizontal"
    >
      <View
        accessibilityElementsHidden={false}
        importantForAccessibility="auto"
        style={
          {
            "flex": 1,
            "flexDirection": "column-reverse",
          }
        }
      >
        <View
          collapsable={false}
          style={
            [
              {
                "flex": 1,
              },
              {
                "backgroundColor": "rgb(242, 242, 242)",
              },
              undefined,
            ]
          }
        >
          <View
            style={
              [
                {
                  "alignItems": "center",
                  "height": "100%",
                  "justifyContent": "center",
                  "width": "100%",
                },
                {
                  "padding": "5%",
                },
              ]
            }
          >
            <View
              style={
                {
                  "alignItems": "center",
                }
              }
            >
              <View
                testID="stage"
              >
                <View
                  style={
                    {
                      "aspectRatio": 1,
                      "width": "100%",
                    }
                  }
                >
                  <View
                    style={
                      {
                        "flex": 1,
                        "flexDirection": "row",
                        "marginTop": 0,
                      }
                    }
                  >
                    <View
                      style={
                        {
                          "flex": 1,
                          "marginLeft": 0,
                        }
                      }
                    >
                      <View
                        style={
                          {
                            "height": "100%",
                            "width": "100%",
                          }
                        }
                      >
                        <View
                          accessibilityLabel="tile"
                          accessibilityRole="button"
                          accessibilityValue={
                            {
                              "max": undefined,
                              "min": undefined,
                              "now": 0,
                              "text": undefined,
                            }
                          }
                          accessible={true}
                          focusable={true}
                          onClick={[Function]}
                          onResponderGrant={[Function]}
                          onResponderMove={[Function]}
                          onResponderRelease={[Function]}
                          onResponderTerminate={[Function]}
                          onResponderTerminationRequest={[Function]}
                          onStartShouldSetResponder={[Function]}
                        >
                          <View
                            style={
                              {
                                "backgroundColor": "#0EA5E9",
                                "height": "100%",
                                "width": "100%",
                              }
                            }
                          />
                        </View>
                      </View>
                    </View>
                    <View
                      style={
                        {
                          "flex": 1,
                          "marginLeft": "2.5%",
                        }
                      }
                    >
                      <View
                        style={
                          {
                            "height": "100%",
                            "width": "100%",
                          }
                        }
                      >
                        <View
                          accessibilityLabel="tile"
                          accessibilityRole="button"
                          accessibilityValue={
                            {
                              "max": undefined,
                              "min": undefined,
                              "now": 0,
                              "text": undefined,
                            }
                          }
                          accessible={true}
                          focusable={true}
                          onClick={[Function]}
                          onResponderGrant={[Function]}
                          onResponderMove={[Function]}
                          onResponderRelease={[Function]}
                          onResponderTerminate={[Function]}
                          onResponderTerminationRequest={[Function]}
                          onStartShouldSetResponder={[Function]}
                        >
                          <View
                            style={
                              {
                                "backgroundColor": "#0EA5E9",
                                "height": "100%",
                                "width": "100%",
                              }
                            }
                          />
                        </View>
                      </View>
                    </View>
                  </View>
                  <View
                    style={
                      {
                        "flex": 1,
                        "flexDirection": "row",
                        "marginTop": "2.5%",
                      }
                    }
                  >
                    <View
                      style={
                        {
                          "flex": 1,
                          "marginLeft": 0,
                        }
                      }
                    >
                      <View
                        style={
                          {
                            "height": "100%",
                            "width": "100%",
                          }
                        }
                      >
                        <View
                          accessibilityLabel="tile"
                          accessibilityRole="button"
                          accessibilityValue={
                            {
                              "max": undefined,
                              "min": undefined,
                              "now": 0,
                              "text": undefined,
                            }
                          }
                          accessible={true}
                          focusable={true}
                          onClick={[Function]}
                          onResponderGrant={[Function]}
                          onResponderMove={[Function]}
                          onResponderRelease={[Function]}
                          onResponderTerminate={[Function]}
                          onResponderTerminationRequest={[Function]}
                          onStartShouldSetResponder={[Function]}
                        >
                          <View
                            style={
                              {
                                "backgroundColor": "#0EA5E9",
                                "height": "100%",
                                "width": "100%",
                              }
                            }
                          />
                        </View>
                      </View>
                    </View>
                    <View
                      style={
                        {
                          "flex": 1,
                          "marginLeft": "2.5%",
                        }
                      }
                    >
                      <View
                        style={
                          {
                            "height": "100%",
                            "width": "100%",
                          }
                        }
                      >
                        <View
                          accessibilityLabel="tile"
                          accessibilityRole="button"
                          accessibilityValue={
                            {
                              "max": undefined,
                              "min": undefined,
                              "now": 0,
                              "text": undefined,
                            }
                          }
                          accessible={true}
                          focusable={true}
                          onClick={[Function]}
                          onResponderGrant={[Function]}
                          onResponderMove={[Function]}
                          onResponderRelease={[Function]}
                          onResponderTerminate={[Function]}
                          onResponderTerminationRequest={[Function]}
                          onStartShouldSetResponder={[Function]}
                        >
                          <View
                            style={
                              {
                                "backgroundColor": "#0EA5E9",
                                "height": "100%",
                                "width": "100%",
                              }
                            }
                          />
                        </View>
                      </View>
                    </View>
                  </View>
                </View>
              </View>
              <Text
                style={
                  {
                    "fontSize": 16,
                    "marginTop": 20,
                  }
                }
              >
                Steps: 
                0
              </Text>
              <View
                style={
                  {
                    "flexDirection": "row",
                    "marginTop": 20,
                  }
                }
              >
                <View
                  style={
                    {
                      "marginHorizontal": 10,
                      "width": 128,
                    }
                  }
                >
                  <View
                    accessibilityValue={
                      {
                        "max": undefined,
                        "min": undefined,
                        "now": undefined,
                        "text": undefined,
                      }
                    }
                    accessible={true}
                    focusable={true}
                    onClick={[Function]}
                    onResponderGrant={[Function]}
                    onResponderMove={[Function]}
                    onResponderRelease={[Function]}
                    onResponderTerminate={[Function]}
                    onResponderTerminationRequest={[Function]}
                    onStartShouldSetResponder={[Function]}
                  >
                    <View
                      style={
                        {
                          "backgroundColor": "black",
                          "padding": 10,
                        }
                      }
                    >
                      <Text
                        style={
                          {
                            "color": "white",
                            "textAlign": "center",
                          }
                        }
                      >
                        Goal
                      </Text>
                    </View>
                  </View>
                </View>
                <View
                  style={
                    {
                      "marginHorizontal": 10,
                      "width": 128,
                    }
                  }
                >
                  <View
                    accessibilityValue={
                      {
                        "max": undefined,
                        "min": undefined,
                        "now": undefined,
                        "text": undefined,
                      }
                    }
                    accessible={true}
                    focusable={true}
                    onClick={[Function]}
                    onResponderGrant={[Function]}
                    onResponderMove={[Function]}
                    onResponderRelease={[Function]}
                    onResponderTerminate={[Function]}
                    onResponderTerminationRequest={[Function]}
                    onStartShouldSetResponder={[Function]}
                  >
                    <View
                      style={
                        {
                          "backgroundColor": "black",
                          "padding": 10,
                        }
                      }
                    >
                      <Text
                        style={
                          {
                            "color": "white",
                            "textAlign": "center",
                          }
                        }
                      >
                        Reset
                      </Text>
                    </View>
                  </View>
                </View>
              </View>
            </View>
          </View>
        </View>
      </View>
      <RNSScreenStackHeaderConfig
        backButtonInCustomView={false}
        backTitleVisible={true}
        backgroundColor="rgb(255, 255, 255)"
        color="rgb(0, 122, 255)"
        direction="ltr"
        disableBackButtonMenu={false}
        hidden={false}
        hideBackButton={false}
        largeTitleHideShadow={false}
        title="Screen"
        titleColor="rgb(28, 28, 30)"
        topInsetEnabled={false}
        translucent={false}
      />
    </RNSScreen>
  </RNSScreenStack>
</RNCSafeAreaProvider>
`;
